2026-06-06 23:34:56 | SciML_CFD_Engine | INFO     | 
================================================================================
2026-06-06 23:34:56 | SciML_CFD_Engine | INFO     | SciML CFD ENGINE - PRODUCTION PIPE FLOW SOLVER
2026-06-06 23:34:56 | SciML_CFD_Engine | INFO     | ================================================================================
2026-06-06 23:34:56 | SciML_CFD_Engine | INFO     | Device: CUDA
2026-06-06 23:34:56 | SciML_CFD_Engine | INFO     | Geometry: Re=50.0, R=0.5, L=3.0
2026-06-06 23:34:56 | SciML_CFD_Engine | INFO     | Training: Adam=2000e, L-BFGS=1000i
2026-06-06 23:34:56 | SciML_CFD_Engine | INFO     | Batching: Interior=4000, BC=800
2026-06-06 23:34:56 | SciML_CFD_Engine | INFO     | Initializing SciML CFD Engine on CUDA
2026-06-06 23:34:56 | SciML_CFD_Engine | INFO     | Random seed set to 42
2026-06-06 23:34:56 | SciML_CFD_Engine | INFO     | Geometry: Pipe radius=0.5, length=3.0
2026-06-06 23:34:56 | SciML_CFD_Engine | INFO     | Physics: Re=50.0, spatial_weight_start=1.0
2026-06-06 23:34:56 | SciML_CFD_Engine | INFO     | Model: PINN3DEngine with 256D embeddings, 6 layers, 429,316 parameters
2026-06-06 23:42:53 | matplotlib.font_manager | INFO     | generated new fontManager
2026-06-06 23:42:53 | SciML_CFD_Engine | INFO     | 
================================================================================
2026-06-06 23:42:53 | SciML_CFD_Engine | INFO     | SciML CFD ENGINE - PRODUCTION PIPE FLOW SOLVER
2026-06-06 23:42:53 | SciML_CFD_Engine | INFO     | ================================================================================
2026-06-06 23:42:53 | SciML_CFD_Engine | INFO     | Device: CUDA
2026-06-06 23:42:53 | SciML_CFD_Engine | INFO     | Geometry: Re=50.0, R=0.5, L=3.0
2026-06-06 23:42:53 | SciML_CFD_Engine | INFO     | Training: Adam=2000e, L-BFGS=1000i
2026-06-06 23:42:53 | SciML_CFD_Engine | INFO     | Batching: Interior=4000, BC=800
2026-06-06 23:42:53 | SciML_CFD_Engine | INFO     | Loss Weights (Golden Ratio): lambda_bc=15000.0 | PDE=100x(cont+mom) | lambda_radial=20.0 | lambda_smooth=5.0 | lambda_pos=500.0
2026-06-06 23:42:53 | SciML_CFD_Engine | INFO     | Initializing SciML CFD Engine on CUDA
2026-06-06 23:42:53 | SciML_CFD_Engine | INFO     | Random seed set to 42
2026-06-06 23:42:53 | SciML_CFD_Engine | INFO     | Geometry: Pipe radius=0.5, length=3.0
2026-06-06 23:42:53 | SciML_CFD_Engine | INFO     | Physics: Re=50.0, spatial_weight_start=1.0
2026-06-06 23:42:53 | SciML_CFD_Engine | INFO     | Model: PINN3DEngine with 256D embeddings, 6 layers, 429,316 parameters
2026-06-06 23:42:55 | SciML_CFD_Engine | INFO     | Trainer initialized: lr=1.00e-03, lambda_bc=1.5e+04 | Hardcoded: lambda_radial=20.0, lambda_pos=500.0, lambda_smooth=5.0 | PDE=100x(cont+mom)
2026-06-06 23:42:55 | src.post_processing.visualizer | INFO     | Visualizer model check: hidden_dim=256, num_layers=6
2026-06-06 23:42:55 | SciML_CFD_Engine | INFO     | Visualizer initialized
2026-06-06 23:42:55 | SciML_CFD_Engine | INFO     | STARTING TWO-STAGE OPTIMIZATION
2026-06-06 23:42:55 | src.training.trainer | INFO     | ================================================================================
2026-06-06 23:42:55 | src.training.trainer | INFO     | STAGE 1: Adam Optimization with CosineAnnealingLR Scheduler
2026-06-06 23:42:55 | src.training.trainer | INFO     | ================================================================================
2026-06-06 23:42:55 | src.training.trainer | INFO     | Epochs: 2000 | Batch(Interior): 4000 | Batch(BC): 800
2026-06-06 23:42:55 | src.training.trainer | INFO     | Loss weights: lambda_bc=1.5e+04 | PDE=100x(cont+mom) | lambda_radial=20.0 | lambda_pos=500.0 | lambda_smooth=5.0
2026-06-06 23:42:56 | src.training.trainer | INFO     | Epoch     1/2000 | Tot: 2.39e+08 | PDE: 2.39e+08 | Radial: 1.49e+00 | Smooth: 1.27e+02 | LR: 1.00e-03 | Time: 1.2s
2026-06-06 23:43:23 | src.training.trainer | INFO     | Epoch    50/2000 | Tot: 1.61e+06 | PDE: 1.59e+06 | Radial: 1.20e+00 | Smooth: 7.90e-01 | LR: 9.98e-04 | Time: 28.7s
2026-06-06 23:43:53 | src.training.trainer | INFO     | Epoch   100/2000 | Tot: 6.16e+05 | PDE: 6.00e+05 | Radial: 1.06e+00 | Smooth: 3.03e-01 | LR: 9.94e-04 | Time: 58.1s
2026-06-06 23:44:22 | src.training.trainer | INFO     | Epoch   150/2000 | Tot: 3.90e+05 | PDE: 3.75e+05 | Radial: 9.24e-01 | Smooth: 1.80e-01 | LR: 9.86e-04 | Time: 87.3s
2026-06-06 23:44:51 | src.training.trainer | INFO     | Epoch   200/2000 | Tot: 2.70e+05 | PDE: 2.56e+05 | Radial: 8.18e-01 | Smooth: 1.20e-01 | LR: 9.76e-04 | Time: 116.6s
2026-06-06 23:45:20 | src.training.trainer | INFO     | Epoch   250/2000 | Tot: 1.96e+05 | PDE: 1.84e+05 | Radial: 7.71e-01 | Smooth: 8.21e-02 | LR: 9.62e-04 | Time: 145.9s
2026-06-06 23:45:51 | src.training.trainer | INFO     | Epoch   300/2000 | Tot: 1.48e+05 | PDE: 1.37e+05 | Radial: 6.92e-01 | Smooth: 6.68e-02 | LR: 9.46e-04 | Time: 176.4s
2026-06-06 23:46:21 | src.training.trainer | INFO     | Epoch   350/2000 | Tot: 1.20e+05 | PDE: 1.09e+05 | Radial: 6.15e-01 | Smooth: 5.21e-02 | LR: 9.26e-04 | Time: 206.8s
2026-06-06 23:46:50 | src.training.trainer | INFO     | Epoch   400/2000 | Tot: 9.88e+04 | PDE: 8.89e+04 | Radial: 5.79e-01 | Smooth: 4.24e-02 | LR: 9.05e-04 | Time: 235.5s
2026-06-06 23:47:19 | src.training.trainer | INFO     | Epoch   450/2000 | Tot: 8.38e+04 | PDE: 7.44e+04 | Radial: 5.73e-01 | Smooth: 3.75e-02 | LR: 8.80e-04 | Time: 264.3s
2026-06-06 23:47:48 | src.training.trainer | INFO     | Epoch   500/2000 | Tot: 7.66e+04 | PDE: 6.68e+04 | Radial: 5.26e-01 | Smooth: 3.08e-02 | LR: 8.54e-04 | Time: 293.1s
2026-06-06 23:48:16 | src.training.trainer | INFO     | Epoch   550/2000 | Tot: 6.58e+04 | PDE: 5.65e+04 | Radial: 5.11e-01 | Smooth: 2.56e-02 | LR: 8.25e-04 | Time: 321.8s
2026-06-06 23:48:45 | src.training.trainer | INFO     | Epoch   600/2000 | Tot: 6.15e+04 | PDE: 5.20e+04 | Radial: 4.86e-01 | Smooth: 2.29e-02 | LR: 7.94e-04 | Time: 350.6s
2026-06-06 23:49:14 | src.training.trainer | INFO     | Epoch   650/2000 | Tot: 5.30e+04 | PDE: 4.43e+04 | Radial: 4.78e-01 | Smooth: 2.12e-02 | LR: 7.61e-04 | Time: 379.3s
2026-06-06 23:49:43 | src.training.trainer | INFO     | Epoch   700/2000 | Tot: 4.96e+04 | PDE: 4.03e+04 | Radial: 4.77e-01 | Smooth: 1.88e-02 | LR: 7.27e-04 | Time: 408.1s
2026-06-06 23:50:11 | src.training.trainer | INFO     | Epoch   750/2000 | Tot: 4.52e+04 | PDE: 3.61e+04 | Radial: 4.54e-01 | Smooth: 1.72e-02 | LR: 6.92e-04 | Time: 436.8s
2026-06-06 23:50:40 | src.training.trainer | INFO     | Epoch   800/2000 | Tot: 4.16e+04 | PDE: 3.24e+04 | Radial: 4.54e-01 | Smooth: 1.58e-02 | LR: 6.55e-04 | Time: 465.5s
2026-06-06 23:51:09 | src.training.trainer | INFO     | Epoch   850/2000 | Tot: 4.01e+04 | PDE: 3.07e+04 | Radial: 4.44e-01 | Smooth: 1.43e-02 | LR: 6.17e-04 | Time: 494.2s
2026-06-06 23:51:37 | src.training.trainer | INFO     | Epoch   900/2000 | Tot: 3.72e+04 | PDE: 2.84e+04 | Radial: 4.42e-01 | Smooth: 1.30e-02 | LR: 5.79e-04 | Time: 523.0s
2026-06-06 23:52:06 | src.training.trainer | INFO     | Epoch   950/2000 | Tot: 3.53e+04 | PDE: 2.65e+04 | Radial: 4.34e-01 | Smooth: 1.26e-02 | LR: 5.40e-04 | Time: 551.7s
2026-06-06 23:52:35 | src.training.trainer | INFO     | Epoch  1000/2000 | Tot: 3.39e+04 | PDE: 2.47e+04 | Radial: 4.51e-01 | Smooth: 1.13e-02 | LR: 5.00e-04 | Time: 580.4s
2026-06-06 23:53:04 | src.training.trainer | INFO     | Epoch  1050/2000 | Tot: 3.23e+04 | PDE: 2.36e+04 | Radial: 4.51e-01 | Smooth: 1.12e-02 | LR: 4.61e-04 | Time: 609.1s
2026-06-06 23:53:32 | src.training.trainer | INFO     | Epoch  1100/2000 | Tot: 3.23e+04 | PDE: 2.33e+04 | Radial: 4.34e-01 | Smooth: 1.04e-02 | LR: 4.22e-04 | Time: 637.9s
2026-06-06 23:54:01 | src.training.trainer | INFO     | Epoch  1150/2000 | Tot: 3.02e+04 | PDE: 2.17e+04 | Radial: 4.43e-01 | Smooth: 1.03e-02 | LR: 3.84e-04 | Time: 666.6s
2026-06-06 23:54:30 | src.training.trainer | INFO     | Epoch  1200/2000 | Tot: 3.00e+04 | PDE: 2.08e+04 | Radial: 4.22e-01 | Smooth: 9.50e-03 | LR: 3.46e-04 | Time: 695.3s
2026-06-06 23:54:59 | src.training.trainer | INFO     | Epoch  1250/2000 | Tot: 2.84e+04 | PDE: 1.98e+04 | Radial: 4.25e-01 | Smooth: 9.00e-03 | LR: 3.09e-04 | Time: 724.0s
2026-06-06 23:55:27 | src.training.trainer | INFO     | Epoch  1300/2000 | Tot: 2.87e+04 | PDE: 1.99e+04 | Radial: 4.27e-01 | Smooth: 8.69e-03 | LR: 2.74e-04 | Time: 752.8s
2026-06-06 23:55:56 | src.training.trainer | INFO     | Epoch  1350/2000 | Tot: 2.76e+04 | PDE: 1.89e+04 | Radial: 4.23e-01 | Smooth: 8.95e-03 | LR: 2.40e-04 | Time: 781.5s
2026-06-06 23:56:25 | src.training.trainer | INFO     | Epoch  1400/2000 | Tot: 2.67e+04 | PDE: 1.79e+04 | Radial: 4.23e-01 | Smooth: 8.50e-03 | LR: 2.07e-04 | Time: 810.2s
2026-06-06 23:56:53 | src.training.trainer | INFO     | Epoch  1450/2000 | Tot: 2.65e+04 | PDE: 1.77e+04 | Radial: 4.38e-01 | Smooth: 8.33e-03 | LR: 1.76e-04 | Time: 838.9s
2026-06-06 23:57:22 | src.training.trainer | INFO     | Epoch  1500/2000 | Tot: 2.51e+04 | PDE: 1.66e+04 | Radial: 4.15e-01 | Smooth: 7.89e-03 | LR: 1.47e-04 | Time: 867.6s
2026-06-06 23:57:51 | src.training.trainer | INFO     | Epoch  1550/2000 | Tot: 2.66e+04 | PDE: 1.76e+04 | Radial: 4.29e-01 | Smooth: 7.82e-03 | LR: 1.21e-04 | Time: 896.4s
2026-06-06 23:58:20 | src.training.trainer | INFO     | Epoch  1600/2000 | Tot: 2.59e+04 | PDE: 1.70e+04 | Radial: 4.18e-01 | Smooth: 7.83e-03 | LR: 9.64e-05 | Time: 925.1s
2026-06-06 23:58:48 | src.training.trainer | INFO     | Epoch  1650/2000 | Tot: 2.55e+04 | PDE: 1.64e+04 | Radial: 4.24e-01 | Smooth: 7.88e-03 | LR: 7.46e-05 | Time: 953.8s
2026-06-06 23:59:17 | src.training.trainer | INFO     | Epoch  1700/2000 | Tot: 2.57e+04 | PDE: 1.70e+04 | Radial: 4.28e-01 | Smooth: 7.36e-03 | LR: 5.54e-05 | Time: 982.5s
2026-06-06 23:59:46 | src.training.trainer | INFO     | Epoch  1750/2000 | Tot: 2.48e+04 | PDE: 1.59e+04 | Radial: 4.21e-01 | Smooth: 7.32e-03 | LR: 3.90e-05 | Time: 1011.3s
2026-06-07 00:00:14 | src.training.trainer | INFO     | Epoch  1800/2000 | Tot: 2.49e+04 | PDE: 1.63e+04 | Radial: 4.14e-01 | Smooth: 7.85e-03 | LR: 2.54e-05 | Time: 1040.0s
2026-06-07 00:00:43 | src.training.trainer | INFO     | Epoch  1850/2000 | Tot: 2.58e+04 | PDE: 1.69e+04 | Radial: 4.36e-01 | Smooth: 7.59e-03 | LR: 1.48e-05 | Time: 1068.7s
2026-06-07 00:01:12 | src.training.trainer | INFO     | Epoch  1900/2000 | Tot: 2.41e+04 | PDE: 1.58e+04 | Radial: 4.15e-01 | Smooth: 7.55e-03 | LR: 7.15e-06 | Time: 1097.4s
2026-06-07 00:01:41 | src.training.trainer | INFO     | Epoch  1950/2000 | Tot: 2.51e+04 | PDE: 1.63e+04 | Radial: 4.13e-01 | Smooth: 7.43e-03 | LR: 2.54e-06 | Time: 1126.2s
2026-06-07 00:02:09 | src.training.trainer | INFO     | Epoch  2000/2000 | Tot: 2.52e+04 | PDE: 1.64e+04 | Radial: 4.25e-01 | Smooth: 7.37e-03 | LR: 1.00e-06 | Time: 1154.9s
2026-06-07 00:02:09 | src.training.trainer | INFO     | STAGE 1 COMPLETE in 1154.9s | Final Loss: 2.52e+04

2026-06-07 00:02:09 | src.training.trainer | INFO     | ================================================================================
2026-06-07 00:02:09 | src.training.trainer | INFO     | STAGE 2: L-BFGS Optimization (Perseverance Mode)
2026-06-07 00:02:09 | src.training.trainer | INFO     | ================================================================================
2026-06-07 00:02:09 | src.training.trainer | INFO     | Max Iterations: 1000 | Tolerance Change: 1e-16 | Tolerance Grad: 1e-16
2026-06-07 00:02:09 | src.training.trainer | INFO     | Line Search: strong_wolfe | History Size: 50
2026-06-07 00:02:10 | src.training.trainer | INFO     | L-BFGS Iter     1 | Tot: 2.58e+04 | PDE: 1.63e+04 | Radial: 4.21e-01 | Smooth: 7.66e-03 | Time: 0.5s
2026-06-07 00:02:39 | src.training.trainer | INFO     | L-BFGS Iter    50 | Tot: 1.23e+04 | PDE: 2.82e+03 | Radial: 4.02e-01 | Smooth: 5.42e-03 | Time: 29.2s
2026-06-07 00:03:08 | src.training.trainer | INFO     | L-BFGS Iter   100 | Tot: 1.03e+04 | PDE: 8.47e+02 | Radial: 3.83e-01 | Smooth: 3.81e-03 | Time: 58.6s
2026-06-07 00:03:38 | src.training.trainer | INFO     | L-BFGS Iter   150 | Tot: 9.76e+03 | PDE: 3.54e+02 | Radial: 3.85e-01 | Smooth: 3.00e-03 | Time: 88.1s
2026-06-07 00:04:07 | src.training.trainer | INFO     | L-BFGS Iter   200 | Tot: 9.58e+03 | PDE: 1.81e+02 | Radial: 3.87e-01 | Smooth: 2.57e-03 | Time: 117.6s
2026-06-07 00:04:37 | src.training.trainer | INFO     | L-BFGS Iter   250 | Tot: 9.50e+03 | PDE: 1.07e+02 | Radial: 3.85e-01 | Smooth: 2.37e-03 | Time: 147.0s
2026-06-07 00:05:06 | src.training.trainer | INFO     | L-BFGS Iter   300 | Tot: 9.46e+03 | PDE: 6.97e+01 | Radial: 3.85e-01 | Smooth: 2.25e-03 | Time: 176.5s
2026-06-07 00:05:35 | src.training.trainer | INFO     | L-BFGS Iter   350 | Tot: 9.44e+03 | PDE: 4.91e+01 | Radial: 3.86e-01 | Smooth: 2.19e-03 | Time: 206.0s
2026-06-07 00:06:05 | src.training.trainer | INFO     | L-BFGS Iter   400 | Tot: 9.42e+03 | PDE: 3.70e+01 | Radial: 3.85e-01 | Smooth: 2.19e-03 | Time: 235.5s
2026-06-07 00:06:34 | src.training.trainer | INFO     | L-BFGS Iter   450 | Tot: 9.41e+03 | PDE: 3.10e+01 | Radial: 3.85e-01 | Smooth: 2.27e-03 | Time: 264.9s
2026-06-07 00:07:04 | src.training.trainer | INFO     | L-BFGS Iter   500 | Tot: 9.39e+03 | PDE: 2.89e+01 | Radial: 3.85e-01 | Smooth: 2.45e-03 | Time: 294.4s
2026-06-07 00:07:33 | src.training.trainer | INFO     | L-BFGS Iter   550 | Tot: 9.38e+03 | PDE: 3.02e+01 | Radial: 3.85e-01 | Smooth: 2.79e-03 | Time: 323.8s
2026-06-07 00:08:03 | src.training.trainer | INFO     | L-BFGS Iter   600 | Tot: 9.36e+03 | PDE: 3.76e+01 | Radial: 3.86e-01 | Smooth: 3.62e-03 | Time: 353.4s
2026-06-07 00:08:32 | src.training.trainer | INFO     | L-BFGS Iter   650 | Tot: 9.34e+03 | PDE: 5.69e+01 | Radial: 3.86e-01 | Smooth: 5.72e-03 | Time: 382.8s
2026-06-07 00:09:02 | src.training.trainer | INFO     | L-BFGS Iter   700 | Tot: 9.29e+03 | PDE: 1.00e+02 | Radial: 3.87e-01 | Smooth: 1.17e-02 | Time: 412.3s
2026-06-07 00:09:31 | src.training.trainer | INFO     | L-BFGS Iter   750 | Tot: 9.18e+03 | PDE: 1.78e+02 | Radial: 3.88e-01 | Smooth: 2.83e-02 | Time: 441.8s
2026-06-07 00:10:01 | src.training.trainer | INFO     | L-BFGS Iter   800 | Tot: 8.96e+03 | PDE: 3.72e+02 | Radial: 3.90e-01 | Smooth: 8.46e-02 | Time: 471.3s
2026-06-07 00:10:30 | src.training.trainer | INFO     | L-BFGS Iter   850 | Tot: 8.36e+03 | PDE: 7.11e+02 | Radial: 4.01e-01 | Smooth: 2.87e-01 | Time: 500.8s
2026-06-07 00:11:00 | src.training.trainer | INFO     | L-BFGS Iter   900 | Tot: 7.22e+03 | PDE: 1.37e+03 | Radial: 4.26e-01 | Smooth: 9.76e-01 | Time: 530.2s
2026-06-07 00:11:29 | src.training.trainer | INFO     | L-BFGS Iter   950 | Tot: 6.02e+03 | PDE: 1.81e+03 | Radial: 4.72e-01 | Smooth: 1.97e+00 | Time: 559.7s
2026-06-07 00:11:59 | src.training.trainer | INFO     | L-BFGS Iter  1000 | Tot: 4.97e+03 | PDE: 1.90e+03 | Radial: 5.45e-01 | Smooth: 2.45e+00 | Time: 589.2s
2026-06-07 00:12:12 | src.training.trainer | INFO     | STAGE 2 COMPLETE in 602.2s | Total iterations: 1022

2026-06-07 00:12:12 | src.training.trainer | INFO     | ================================================================================
2026-06-07 00:12:12 | src.post_processing.visualizer | INFO     | Loading checkpoint from: checkpoints\pipe_flow_final.pth
2026-06-07 00:12:12 | src.post_processing.visualizer | INFO     | Generating 2D slice visualization for the pipe flow...
2026-06-07 00:12:13 | src.post_processing.visualizer | INFO     | Visualization saved to output/pipe_flow_visualization.png
2026-06-07 00:14:24 | SciML_CFD_Engine | INFO     | 
================================================================================
2026-06-07 00:14:24 | SciML_CFD_Engine | INFO     | TRAINING COMPLETED SUCCESSFULLY
2026-06-07 00:14:24 | SciML_CFD_Engine | INFO     | ================================================================================
2026-06-07 00:26:43 | SciML_CFD_Engine | INFO     | 
================================================================================
2026-06-07 00:26:43 | SciML_CFD_Engine | INFO     | SciML CFD ENGINE - PRODUCTION PIPE FLOW SOLVER
2026-06-07 00:26:43 | SciML_CFD_Engine | INFO     | ================================================================================
2026-06-07 00:26:43 | SciML_CFD_Engine | INFO     | Device: CUDA
2026-06-07 00:26:43 | SciML_CFD_Engine | INFO     | Geometry: Re=100.0, R=0.5, L=3.0
2026-06-07 00:26:43 | SciML_CFD_Engine | INFO     | Training: Adam=2000e, L-BFGS=1000i
2026-06-07 00:26:43 | SciML_CFD_Engine | INFO     | Batching: Interior=4000, BC=800
2026-06-07 00:26:43 | SciML_CFD_Engine | INFO     | Loss Weights (Golden Ratio): lambda_bc=15000.0 | PDE=100x(cont+mom) | lambda_radial=20.0 | lambda_smooth=5.0 | lambda_pos=500.0
2026-06-07 00:26:43 | SciML_CFD_Engine | INFO     | Initializing SciML CFD Engine on CUDA
2026-06-07 00:26:43 | SciML_CFD_Engine | INFO     | Random seed set to 42
2026-06-07 00:26:43 | SciML_CFD_Engine | INFO     | Geometry: Pipe radius=0.5, length=3.0
2026-06-07 00:26:43 | SciML_CFD_Engine | INFO     | Physics: Re=100.0, spatial_weight_start=1.0
2026-06-07 00:26:43 | SciML_CFD_Engine | INFO     | Model: PINN3DEngine with 256D embeddings, 6 layers, 429,316 parameters
2026-06-07 00:26:44 | SciML_CFD_Engine | INFO     | Trainer initialized: lr=1.00e-03, lambda_bc=1.5e+04 | Hardcoded: lambda_radial=20.0, lambda_pos=500.0, lambda_smooth=5.0 | PDE=100x(cont+mom)
2026-06-07 00:26:44 | src.post_processing.visualizer | INFO     | Visualizer model check: hidden_dim=256, num_layers=6
2026-06-07 00:26:44 | SciML_CFD_Engine | INFO     | Visualizer initialized
2026-06-07 00:26:44 | SciML_CFD_Engine | INFO     | STARTING TWO-STAGE OPTIMIZATION
2026-06-07 00:26:44 | src.training.trainer | INFO     | ================================================================================
2026-06-07 00:26:44 | src.training.trainer | INFO     | STAGE 1: Adam Optimization with CosineAnnealingLR Scheduler
2026-06-07 00:26:44 | src.training.trainer | INFO     | ================================================================================
2026-06-07 00:26:44 | src.training.trainer | INFO     | Epochs: 2000 | Batch(Interior): 4000 | Batch(BC): 800
2026-06-07 00:26:44 | src.training.trainer | INFO     | Loss weights: lambda_bc=1.5e+04 | PDE=100x(cont+mom) | lambda_radial=20.0 | lambda_pos=500.0 | lambda_smooth=5.0
2026-06-07 00:26:45 | src.training.trainer | INFO     | Epoch     1/2000 | Tot: 6.44e+07 | PDE: 6.43e+07 | Radial: 1.49e+00 | Smooth: 1.27e+02 | LR: 1.00e-03 | Time: 0.6s
2026-06-07 00:27:12 | src.training.trainer | INFO     | Epoch    50/2000 | Tot: 4.48e+05 | PDE: 4.31e+05 | Radial: 1.09e+00 | Smooth: 8.30e-01 | LR: 9.98e-04 | Time: 27.4s
2026-06-07 00:27:40 | src.training.trainer | INFO     | Epoch   100/2000 | Tot: 1.76e+05 | PDE: 1.63e+05 | Radial: 8.50e-01 | Smooth: 3.13e-01 | LR: 9.94e-04 | Time: 56.2s
2026-06-07 00:28:10 | src.training.trainer | INFO     | Epoch   150/2000 | Tot: 1.13e+05 | PDE: 1.02e+05 | Radial: 6.78e-01 | Smooth: 1.87e-01 | LR: 9.86e-04 | Time: 85.2s
2026-06-07 00:28:39 | src.training.trainer | INFO     | Epoch   200/2000 | Tot: 8.01e+04 | PDE: 6.95e+04 | Radial: 5.81e-01 | Smooth: 1.24e-01 | LR: 9.76e-04 | Time: 115.1s
2026-06-07 00:29:09 | src.training.trainer | INFO     | Epoch   250/2000 | Tot: 5.96e+04 | PDE: 4.99e+04 | Radial: 5.49e-01 | Smooth: 8.59e-02 | LR: 9.62e-04 | Time: 144.9s
2026-06-07 00:29:38 | src.training.trainer | INFO     | Epoch   300/2000 | Tot: 4.64e+04 | PDE: 3.72e+04 | Radial: 5.01e-01 | Smooth: 7.03e-02 | LR: 9.46e-04 | Time: 173.7s
2026-06-07 00:30:07 | src.training.trainer | INFO     | Epoch   350/2000 | Tot: 3.87e+04 | PDE: 2.98e+04 | Radial: 4.60e-01 | Smooth: 5.52e-02 | LR: 9.26e-04 | Time: 202.4s
2026-06-07 00:30:35 | src.training.trainer | INFO     | Epoch   400/2000 | Tot: 3.31e+04 | PDE: 2.42e+04 | Radial: 4.50e-01 | Smooth: 4.48e-02 | LR: 9.05e-04 | Time: 231.1s
2026-06-07 00:31:04 | src.training.trainer | INFO     | Epoch   450/2000 | Tot: 2.88e+04 | PDE: 2.01e+04 | Radial: 4.62e-01 | Smooth: 3.98e-02 | LR: 8.80e-04 | Time: 259.9s
2026-06-07 00:31:33 | src.training.trainer | INFO     | Epoch   500/2000 | Tot: 2.72e+04 | PDE: 1.80e+04 | Radial: 4.37e-01 | Smooth: 3.29e-02 | LR: 8.54e-04 | Time: 288.6s
2026-06-07 00:32:02 | src.training.trainer | INFO     | Epoch   550/2000 | Tot: 2.43e+04 | PDE: 1.54e+04 | Radial: 4.36e-01 | Smooth: 2.69e-02 | LR: 8.25e-04 | Time: 317.3s
2026-06-07 00:32:30 | src.training.trainer | INFO     | Epoch   600/2000 | Tot: 2.30e+04 | PDE: 1.40e+04 | Radial: 4.23e-01 | Smooth: 2.42e-02 | LR: 7.94e-04 | Time: 346.0s
2026-06-07 00:32:59 | src.training.trainer | INFO     | Epoch   650/2000 | Tot: 2.05e+04 | PDE: 1.19e+04 | Radial: 4.22e-01 | Smooth: 2.25e-02 | LR: 7.61e-04 | Time: 374.8s
2026-06-07 00:33:28 | src.training.trainer | INFO     | Epoch   700/2000 | Tot: 1.99e+04 | PDE: 1.09e+04 | Radial: 4.29e-01 | Smooth: 1.96e-02 | LR: 7.27e-04 | Time: 403.5s
2026-06-07 00:33:57 | src.training.trainer | INFO     | Epoch   750/2000 | Tot: 1.86e+04 | PDE: 9.71e+03 | Radial: 4.12e-01 | Smooth: 1.80e-02 | LR: 6.92e-04 | Time: 432.2s
2026-06-07 00:34:25 | src.training.trainer | INFO     | Epoch   800/2000 | Tot: 1.79e+04 | PDE: 8.78e+03 | Radial: 4.17e-01 | Smooth: 1.66e-02 | LR: 6.55e-04 | Time: 461.0s
2026-06-07 00:34:54 | src.training.trainer | INFO     | Epoch   850/2000 | Tot: 1.76e+04 | PDE: 8.37e+03 | Radial: 4.11e-01 | Smooth: 1.54e-02 | LR: 6.17e-04 | Time: 489.7s
2026-06-07 00:35:23 | src.training.trainer | INFO     | Epoch   900/2000 | Tot: 1.64e+04 | PDE: 7.70e+03 | Radial: 4.11e-01 | Smooth: 1.35e-02 | LR: 5.79e-04 | Time: 518.5s
2026-06-07 00:35:52 | src.training.trainer | INFO     | Epoch   950/2000 | Tot: 1.59e+04 | PDE: 7.16e+03 | Radial: 4.07e-01 | Smooth: 1.34e-02 | LR: 5.40e-04 | Time: 547.3s
2026-06-07 00:36:20 | src.training.trainer | INFO     | Epoch  1000/2000 | Tot: 1.58e+04 | PDE: 6.70e+03 | Radial: 4.26e-01 | Smooth: 1.19e-02 | LR: 5.00e-04 | Time: 576.0s
2026-06-07 00:36:49 | src.training.trainer | INFO     | Epoch  1050/2000 | Tot: 1.51e+04 | PDE: 6.34e+03 | Radial: 4.28e-01 | Smooth: 1.18e-02 | LR: 4.61e-04 | Time: 604.7s
2026-06-07 00:37:18 | src.training.trainer | INFO     | Epoch  1100/2000 | Tot: 1.53e+04 | PDE: 6.31e+03 | Radial: 4.12e-01 | Smooth: 1.09e-02 | LR: 4.22e-04 | Time: 633.4s
2026-06-07 00:37:46 | src.training.trainer | INFO     | Epoch  1150/2000 | Tot: 1.44e+04 | PDE: 5.92e+03 | Radial: 4.21e-01 | Smooth: 1.07e-02 | LR: 3.84e-04 | Time: 662.1s
2026-06-07 00:38:15 | src.training.trainer | INFO     | Epoch  1200/2000 | Tot: 1.48e+04 | PDE: 5.62e+03 | Radial: 4.04e-01 | Smooth: 1.02e-02 | LR: 3.46e-04 | Time: 690.8s
2026-06-07 00:38:44 | src.training.trainer | INFO     | Epoch  1250/2000 | Tot: 1.39e+04 | PDE: 5.35e+03 | Radial: 4.08e-01 | Smooth: 9.54e-03 | LR: 3.09e-04 | Time: 719.6s
2026-06-07 00:39:13 | src.training.trainer | INFO     | Epoch  1300/2000 | Tot: 1.42e+04 | PDE: 5.42e+03 | Radial: 4.10e-01 | Smooth: 9.11e-03 | LR: 2.74e-04 | Time: 748.3s
2026-06-07 00:39:41 | src.training.trainer | INFO     | Epoch  1350/2000 | Tot: 1.38e+04 | PDE: 5.08e+03 | Radial: 4.08e-01 | Smooth: 9.38e-03 | LR: 2.40e-04 | Time: 777.1s
2026-06-07 00:40:10 | src.training.trainer | INFO     | Epoch  1400/2000 | Tot: 1.36e+04 | PDE: 4.80e+03 | Radial: 4.07e-01 | Smooth: 8.98e-03 | LR: 2.07e-04 | Time: 805.8s
2026-06-07 00:40:39 | src.training.trainer | INFO     | Epoch  1450/2000 | Tot: 1.36e+04 | PDE: 4.82e+03 | Radial: 4.22e-01 | Smooth: 8.95e-03 | LR: 1.76e-04 | Time: 834.5s
2026-06-07 00:41:08 | src.training.trainer | INFO     | Epoch  1500/2000 | Tot: 1.30e+04 | PDE: 4.51e+03 | Radial: 4.01e-01 | Smooth: 8.26e-03 | LR: 1.47e-04 | Time: 863.2s
2026-06-07 00:41:36 | src.training.trainer | INFO     | Epoch  1550/2000 | Tot: 1.38e+04 | PDE: 4.79e+03 | Radial: 4.14e-01 | Smooth: 8.25e-03 | LR: 1.21e-04 | Time: 891.9s
2026-06-07 00:42:04 | src.training.trainer | INFO     | Epoch  1600/2000 | Tot: 1.35e+04 | PDE: 4.64e+03 | Radial: 4.04e-01 | Smooth: 8.33e-03 | LR: 9.64e-05 | Time: 919.9s
2026-06-07 00:42:33 | src.training.trainer | INFO     | Epoch  1650/2000 | Tot: 1.34e+04 | PDE: 4.38e+03 | Radial: 4.10e-01 | Smooth: 8.26e-03 | LR: 7.46e-05 | Time: 948.7s
2026-06-07 00:43:02 | src.training.trainer | INFO     | Epoch  1700/2000 | Tot: 1.33e+04 | PDE: 4.59e+03 | Radial: 4.13e-01 | Smooth: 7.94e-03 | LR: 5.54e-05 | Time: 977.4s
2026-06-07 00:43:30 | src.training.trainer | INFO     | Epoch  1750/2000 | Tot: 1.32e+04 | PDE: 4.29e+03 | Radial: 4.08e-01 | Smooth: 7.73e-03 | LR: 3.90e-05 | Time: 1006.1s
2026-06-07 00:43:59 | src.training.trainer | INFO     | Epoch  1800/2000 | Tot: 1.30e+04 | PDE: 4.41e+03 | Radial: 4.00e-01 | Smooth: 8.24e-03 | LR: 2.54e-05 | Time: 1034.9s
2026-06-07 00:44:28 | src.training.trainer | INFO     | Epoch  1850/2000 | Tot: 1.35e+04 | PDE: 4.59e+03 | Radial: 4.21e-01 | Smooth: 8.05e-03 | LR: 1.48e-05 | Time: 1063.6s
2026-06-07 00:44:57 | src.training.trainer | INFO     | Epoch  1900/2000 | Tot: 1.26e+04 | PDE: 4.28e+03 | Radial: 4.02e-01 | Smooth: 7.97e-03 | LR: 7.15e-06 | Time: 1092.3s
2026-06-07 00:45:25 | src.training.trainer | INFO     | Epoch  1950/2000 | Tot: 1.32e+04 | PDE: 4.45e+03 | Radial: 3.99e-01 | Smooth: 7.97e-03 | LR: 2.54e-06 | Time: 1121.0s
2026-06-07 00:45:54 | src.training.trainer | INFO     | Epoch  2000/2000 | Tot: 1.33e+04 | PDE: 4.45e+03 | Radial: 4.11e-01 | Smooth: 7.95e-03 | LR: 1.00e-06 | Time: 1149.7s
2026-06-07 00:45:54 | src.training.trainer | INFO     | STAGE 1 COMPLETE in 1149.7s | Final Loss: 1.33e+04

2026-06-07 00:45:54 | src.training.trainer | INFO     | ================================================================================
2026-06-07 00:45:54 | src.training.trainer | INFO     | STAGE 2: L-BFGS Optimization (Perseverance Mode)
2026-06-07 00:45:54 | src.training.trainer | INFO     | ================================================================================
2026-06-07 00:45:54 | src.training.trainer | INFO     | Max Iterations: 1000 | Tolerance Change: 1e-16 | Tolerance Grad: 1e-16
2026-06-07 00:45:54 | src.training.trainer | INFO     | Line Search: strong_wolfe | History Size: 50
2026-06-07 00:45:55 | src.training.trainer | INFO     | L-BFGS Iter     1 | Tot: 1.38e+04 | PDE: 4.35e+03 | Radial: 4.07e-01 | Smooth: 8.19e-03 | Time: 0.5s
2026-06-07 00:46:23 | src.training.trainer | INFO     | L-BFGS Iter    50 | Tot: 1.02e+04 | PDE: 8.19e+02 | Radial: 3.81e-01 | Smooth: 6.13e-03 | Time: 29.1s
2026-06-07 00:46:53 | src.training.trainer | INFO     | L-BFGS Iter   100 | Tot: 9.63e+03 | PDE: 2.51e+02 | Radial: 3.87e-01 | Smooth: 4.59e-03 | Time: 58.7s
2026-06-07 00:47:22 | src.training.trainer | INFO     | L-BFGS Iter   150 | Tot: 9.48e+03 | PDE: 1.20e+02 | Radial: 3.87e-01 | Smooth: 4.05e-03 | Time: 88.2s
2026-06-07 00:47:52 | src.training.trainer | INFO     | L-BFGS Iter   200 | Tot: 9.41e+03 | PDE: 7.26e+01 | Radial: 3.84e-01 | Smooth: 4.24e-03 | Time: 117.6s
2026-06-07 00:48:21 | src.training.trainer | INFO     | L-BFGS Iter   250 | Tot: 9.36e+03 | PDE: 6.31e+01 | Radial: 3.86e-01 | Smooth: 5.66e-03 | Time: 147.1s
2026-06-07 00:48:51 | src.training.trainer | INFO     | L-BFGS Iter   300 | Tot: 9.30e+03 | PDE: 1.01e+02 | Radial: 3.88e-01 | Smooth: 1.22e-02 | Time: 176.6s
2026-06-07 00:49:20 | src.training.trainer | INFO     | L-BFGS Iter   350 | Tot: 9.06e+03 | PDE: 3.56e+02 | Radial: 3.91e-01 | Smooth: 7.13e-02 | Time: 206.1s
2026-06-07 00:49:50 | src.training.trainer | INFO     | L-BFGS Iter   400 | Tot: 7.72e+03 | PDE: 1.30e+03 | Radial: 4.15e-01 | Smooth: 7.15e-01 | Time: 235.6s
2026-06-07 00:50:19 | src.training.trainer | INFO     | L-BFGS Iter   450 | Tot: 4.91e+03 | PDE: 1.79e+03 | Radial: 5.30e-01 | Smooth: 2.14e+00 | Time: 265.1s
2026-06-07 00:50:49 | src.training.trainer | INFO     | L-BFGS Iter   500 | Tot: 3.25e+03 | PDE: 1.03e+03 | Radial: 6.16e-01 | Smooth: 1.51e+00 | Time: 294.6s
2026-06-07 00:51:18 | src.training.trainer | INFO     | L-BFGS Iter   550 | Tot: 2.18e+03 | PDE: 6.44e+02 | Radial: 7.01e-01 | Smooth: 9.28e-01 | Time: 324.1s
2026-06-07 00:51:48 | src.training.trainer | INFO     | L-BFGS Iter   600 | Tot: 1.51e+03 | PDE: 4.66e+02 | Radial: 7.88e-01 | Smooth: 7.53e-01 | Time: 353.6s
2026-06-07 00:52:17 | src.training.trainer | INFO     | L-BFGS Iter   650 | Tot: 1.09e+03 | PDE: 3.30e+02 | Radial: 8.58e-01 | Smooth: 5.82e-01 | Time: 383.1s
2026-06-07 00:52:47 | src.training.trainer | INFO     | L-BFGS Iter   700 | Tot: 7.66e+02 | PDE: 2.50e+02 | Radial: 9.25e-01 | Smooth: 4.38e-01 | Time: 412.5s
2026-06-07 00:53:16 | src.training.trainer | INFO     | L-BFGS Iter   750 | Tot: 5.55e+02 | PDE: 2.03e+02 | Radial: 9.79e-01 | Smooth: 3.45e-01 | Time: 442.1s
2026-06-07 00:53:46 | src.training.trainer | INFO     | L-BFGS Iter   800 | Tot: 4.07e+02 | PDE: 1.38e+02 | Radial: 1.02e+00 | Smooth: 2.77e-01 | Time: 471.5s
2026-06-07 00:54:15 | src.training.trainer | INFO     | L-BFGS Iter   850 | Tot: 3.18e+02 | PDE: 1.07e+02 | Radial: 1.05e+00 | Smooth: 2.18e-01 | Time: 501.0s
2026-06-07 00:54:45 | src.training.trainer | INFO     | L-BFGS Iter   900 | Tot: 2.43e+02 | PDE: 8.08e+01 | Radial: 1.08e+00 | Smooth: 1.68e-01 | Time: 530.4s
2026-06-07 00:55:14 | src.training.trainer | INFO     | L-BFGS Iter   950 | Tot: 1.93e+02 | PDE: 6.09e+01 | Radial: 1.10e+00 | Smooth: 1.33e-01 | Time: 559.9s
2026-06-07 00:55:44 | src.training.trainer | INFO     | L-BFGS Iter  1000 | Tot: 1.57e+02 | PDE: 4.82e+01 | Radial: 1.12e+00 | Smooth: 1.08e-01 | Time: 589.4s
2026-06-07 00:55:58 | src.training.trainer | INFO     | STAGE 2 COMPLETE in 603.6s | Total iterations: 1024

2026-06-07 00:55:58 | src.training.trainer | INFO     | ================================================================================
2026-06-07 00:55:58 | src.post_processing.visualizer | INFO     | Loading checkpoint from: checkpoints\pipe_flow_final.pth
2026-06-07 00:55:58 | src.post_processing.visualizer | INFO     | Generating 2D slice visualization for the pipe flow...
2026-06-07 00:55:58 | src.post_processing.visualizer | INFO     | Visualization saved to output/pipe_flow_visualization.png
2026-06-07 01:09:02 | SciML_CFD_Engine | INFO     | 
================================================================================
2026-06-07 01:09:02 | SciML_CFD_Engine | INFO     | TRAINING COMPLETED SUCCESSFULLY
2026-06-07 01:09:02 | SciML_CFD_Engine | INFO     | ================================================================================
2026-06-07 01:15:14 | SciML_CFD_Engine | INFO     | 
================================================================================
2026-06-07 01:15:14 | SciML_CFD_Engine | INFO     | SciML CFD ENGINE - PRODUCTION PIPE FLOW SOLVER
2026-06-07 01:15:14 | SciML_CFD_Engine | INFO     | ================================================================================
2026-06-07 01:15:14 | SciML_CFD_Engine | INFO     | Device: CUDA
2026-06-07 01:15:14 | SciML_CFD_Engine | INFO     | Geometry: Re=100.0, R=0.5, L=3.0
2026-06-07 01:15:14 | SciML_CFD_Engine | INFO     | Training: Warm-Up=500e | Physics Adam=1500e | L-BFGS=1000i
2026-06-07 01:15:14 | SciML_CFD_Engine | INFO     | Batching: Interior=4000, BC=800
2026-06-07 01:15:14 | SciML_CFD_Engine | INFO     | Loss weights: lambda_bc=100.0 | PDE=1x(cont+mom) | radial=1x | pos=10x | smooth=1x
2026-06-07 01:15:14 | SciML_CFD_Engine | INFO     | Initializing SciML CFD Engine on CUDA
2026-06-07 01:15:14 | SciML_CFD_Engine | INFO     | Random seed set to 42
2026-06-07 01:15:14 | SciML_CFD_Engine | INFO     | Geometry: Pipe radius=0.5, length=3.0
2026-06-07 01:15:14 | SciML_CFD_Engine | INFO     | Physics: Re=100.0, spatial_weight_start=1.0
2026-06-07 01:15:14 | SciML_CFD_Engine | INFO     | Model: PINN3DEngine with 256D embeddings, 6 layers, 429,316 parameters
2026-06-07 01:15:16 | SciML_CFD_Engine | INFO     | Trainer initialized: lr=1.00e-03, lambda_bc=100.0 | Physics weights: PDE=1x, radial=1x, pos=10x, smooth=1x
2026-06-07 01:15:16 | src.post_processing.visualizer | INFO     | Visualizer model check: hidden_dim=256, num_layers=6
2026-06-07 01:15:16 | SciML_CFD_Engine | INFO     | Visualizer initialized
2026-06-07 01:15:16 | SciML_CFD_Engine | INFO     | STARTING TWO-STAGE OPTIMIZATION
2026-06-07 01:15:16 | src.training.trainer | INFO     | ======================================================================
2026-06-07 01:15:16 | src.training.trainer | INFO     | PRE-TRAINING PIPELINE STARTED
2026-06-07 01:15:16 | src.training.trainer | INFO     | Warm-Up: 500 epochs  |  Physics Adam: 1500 epochs  |  L-BFGS: 1000 iters
2026-06-07 01:15:16 | src.training.trainer | INFO     | lambda_bc=100.0 | PDE=1x | radial=1x | pos=10x | smooth=1x
2026-06-07 01:15:16 | src.training.trainer | INFO     | ======================================================================
2026-06-07 01:15:16 | src.training.trainer | INFO     | --- STAGE 0: Warm-Up (Analytical Pre-training) ---
2026-06-07 01:15:16 | src.training.trainer | INFO     | [Warm-Up] Epoch    1/500 | Loss: 1.534e+00 | u MAE vs exact: 1.0352 | LR: 1.00e-03 | Time: 0.2s
2026-06-07 01:15:17 | src.training.trainer | INFO     | [Warm-Up] Epoch   50/500 | Loss: 1.541e-01 | u MAE vs exact: 0.2969 | LR: 9.76e-04 | Time: 0.9s
2026-06-07 01:15:17 | src.training.trainer | INFO     | [Warm-Up] Epoch  100/500 | Loss: 3.052e-02 | u MAE vs exact: 0.1279 | LR: 9.05e-04 | Time: 1.6s
2026-06-07 01:15:18 | src.training.trainer | INFO     | [Warm-Up] Epoch  150/500 | Loss: 1.540e-02 | u MAE vs exact: 0.0917 | LR: 7.96e-04 | Time: 2.4s
2026-06-07 01:15:19 | src.training.trainer | INFO     | [Warm-Up] Epoch  200/500 | Loss: 1.202e-02 | u MAE vs exact: 0.0809 | LR: 6.58e-04 | Time: 3.1s
2026-06-07 01:15:20 | src.training.trainer | INFO     | [Warm-Up] Epoch  250/500 | Loss: 8.653e-03 | u MAE vs exact: 0.0684 | LR: 5.05e-04 | Time: 3.8s
2026-06-07 01:15:20 | src.training.trainer | INFO     | [Warm-Up] Epoch  300/500 | Loss: 6.932e-03 | u MAE vs exact: 0.0611 | LR: 3.52e-04 | Time: 4.6s
2026-06-07 01:15:21 | src.training.trainer | INFO     | [Warm-Up] Epoch  350/500 | Loss: 6.519e-03 | u MAE vs exact: 0.0596 | LR: 2.14e-04 | Time: 5.4s
2026-06-07 01:15:22 | src.training.trainer | INFO     | [Warm-Up] Epoch  400/500 | Loss: 6.133e-03 | u MAE vs exact: 0.0581 | LR: 1.05e-04 | Time: 6.3s
2026-06-07 01:15:23 | src.training.trainer | INFO     | [Warm-Up] Epoch  450/500 | Loss: 5.922e-03 | u MAE vs exact: 0.0570 | LR: 3.42e-05 | Time: 7.3s
2026-06-07 01:15:24 | src.training.trainer | INFO     | [Warm-Up] Epoch  500/500 | Loss: 5.986e-03 | u MAE vs exact: 0.0574 | LR: 1.00e-05 | Time: 8.2s
2026-06-07 01:15:24 | src.training.trainer | INFO     | WARM-UP COMPLETE in 8.2s | Validation u MAE: 0.05733 (0 = perfect)
2026-06-07 01:15:24 | src.training.trainer | INFO     | Pre-trained checkpoint saved: checkpoints/warmup_pretrained.pth
2026-06-07 01:15:24 | src.training.trainer | INFO     | 
2026-06-07 01:15:24 | src.training.trainer | INFO     | --- STAGE 1: Physics Training (Navier-Stokes + BC) ---
2026-06-07 01:15:24 | src.training.trainer | INFO     | [Physics] Epoch    1/1500 | Tot: 2.53e+04 | PDE: 2.53e+04 | BC: 3.56e+01 | LR: 1.00e-03 | Time: 0.6s
2026-06-07 01:15:53 | src.training.trainer | INFO     | [Physics] Epoch   50/1500 | Tot: 5.40e+02 | PDE: 4.46e+02 | BC: 9.29e+01 | LR: 9.97e-04 | Time: 29.0s
2026-06-07 01:16:23 | src.training.trainer | INFO     | [Physics] Epoch  100/1500 | Tot: 2.30e+02 | PDE: 1.61e+02 | BC: 6.80e+01 | LR: 9.89e-04 | Time: 58.9s
2026-06-07 01:16:53 | src.training.trainer | INFO     | [Physics] Epoch  150/1500 | Tot: 1.82e+02 | PDE: 1.21e+02 | BC: 6.02e+01 | LR: 9.76e-04 | Time: 89.1s
2026-06-07 01:17:22 | src.training.trainer | INFO     | [Physics] Epoch  200/1500 | Tot: 1.42e+02 | PDE: 8.26e+01 | BC: 5.88e+01 | LR: 9.57e-04 | Time: 118.0s
2026-06-07 01:17:22 | src.training.trainer | INFO     |   Checkpoint: checkpoints/physics_adam_200.pth
2026-06-07 01:17:51 | src.training.trainer | INFO     | [Physics] Epoch  250/1500 | Tot: 1.22e+02 | PDE: 6.63e+01 | BC: 5.50e+01 | LR: 9.33e-04 | Time: 146.9s
2026-06-07 01:18:20 | src.training.trainer | INFO     | [Physics] Epoch  300/1500 | Tot: 1.11e+02 | PDE: 5.17e+01 | BC: 5.88e+01 | LR: 9.05e-04 | Time: 175.7s
2026-06-07 01:18:48 | src.training.trainer | INFO     | [Physics] Epoch  350/1500 | Tot: 1.01e+02 | PDE: 4.45e+01 | BC: 5.58e+01 | LR: 8.72e-04 | Time: 204.4s
2026-06-07 01:19:17 | src.training.trainer | INFO     | [Physics] Epoch  400/1500 | Tot: 1.02e+02 | PDE: 4.66e+01 | BC: 5.50e+01 | LR: 8.35e-04 | Time: 233.1s
2026-06-07 01:19:17 | src.training.trainer | INFO     |   Checkpoint: checkpoints/physics_adam_400.pth
2026-06-07 01:19:46 | src.training.trainer | INFO     | [Physics] Epoch  450/1500 | Tot: 9.51e+01 | PDE: 3.65e+01 | BC: 5.81e+01 | LR: 7.94e-04 | Time: 261.8s
2026-06-07 01:20:14 | src.training.trainer | INFO     | [Physics] Epoch  500/1500 | Tot: 9.14e+01 | PDE: 3.40e+01 | BC: 5.69e+01 | LR: 7.50e-04 | Time: 290.6s
2026-06-07 01:20:43 | src.training.trainer | INFO     | [Physics] Epoch  550/1500 | Tot: 8.65e+01 | PDE: 3.08e+01 | BC: 5.53e+01 | LR: 7.04e-04 | Time: 319.3s
2026-06-07 01:21:12 | src.training.trainer | INFO     | [Physics] Epoch  600/1500 | Tot: 8.51e+01 | PDE: 2.85e+01 | BC: 5.61e+01 | LR: 6.55e-04 | Time: 348.0s
2026-06-07 01:21:12 | src.training.trainer | INFO     |   Checkpoint: checkpoints/physics_adam_600.pth
2026-06-07 01:21:41 | src.training.trainer | INFO     | [Physics] Epoch  650/1500 | Tot: 8.72e+01 | PDE: 2.87e+01 | BC: 5.80e+01 | LR: 6.04e-04 | Time: 376.7s
2026-06-07 01:22:09 | src.training.trainer | INFO     | [Physics] Epoch  700/1500 | Tot: 7.94e+01 | PDE: 2.30e+01 | BC: 5.60e+01 | LR: 5.53e-04 | Time: 405.5s
2026-06-07 01:22:38 | src.training.trainer | INFO     | [Physics] Epoch  750/1500 | Tot: 8.23e+01 | PDE: 2.33e+01 | BC: 5.85e+01 | LR: 5.00e-04 | Time: 434.2s
2026-06-07 01:23:07 | src.training.trainer | INFO     | [Physics] Epoch  800/1500 | Tot: 8.05e+01 | PDE: 2.32e+01 | BC: 5.69e+01 | LR: 4.48e-04 | Time: 462.9s
2026-06-07 01:23:07 | src.training.trainer | INFO     |   Checkpoint: checkpoints/physics_adam_800.pth
2026-06-07 01:23:36 | src.training.trainer | INFO     | [Physics] Epoch  850/1500 | Tot: 8.08e+01 | PDE: 2.22e+01 | BC: 5.82e+01 | LR: 3.97e-04 | Time: 491.6s
2026-06-07 01:24:04 | src.training.trainer | INFO     | [Physics] Epoch  900/1500 | Tot: 8.33e+01 | PDE: 2.29e+01 | BC: 5.99e+01 | LR: 3.46e-04 | Time: 520.4s
2026-06-07 01:24:33 | src.training.trainer | INFO     | [Physics] Epoch  950/1500 | Tot: 7.65e+01 | PDE: 1.98e+01 | BC: 5.63e+01 | LR: 2.97e-04 | Time: 549.1s
2026-06-07 01:25:02 | src.training.trainer | INFO     | [Physics] Epoch 1000/1500 | Tot: 8.39e+01 | PDE: 2.49e+01 | BC: 5.86e+01 | LR: 2.51e-04 | Time: 577.8s
2026-06-07 01:25:02 | src.training.trainer | INFO     |   Checkpoint: checkpoints/physics_adam_1000.pth
2026-06-07 01:25:30 | src.training.trainer | INFO     | [Physics] Epoch 1050/1500 | Tot: 7.78e+01 | PDE: 2.06e+01 | BC: 5.68e+01 | LR: 2.07e-04 | Time: 606.5s
2026-06-07 01:25:59 | src.training.trainer | INFO     | [Physics] Epoch 1100/1500 | Tot: 7.87e+01 | PDE: 1.85e+01 | BC: 5.98e+01 | LR: 1.66e-04 | Time: 635.3s
2026-06-07 01:26:29 | src.training.trainer | INFO     | [Physics] Epoch 1150/1500 | Tot: 7.61e+01 | PDE: 1.79e+01 | BC: 5.78e+01 | LR: 1.29e-04 | Time: 664.8s
2026-06-07 01:26:58 | src.training.trainer | INFO     | [Physics] Epoch 1200/1500 | Tot: 7.27e+01 | PDE: 1.59e+01 | BC: 5.63e+01 | LR: 9.64e-05 | Time: 693.7s
2026-06-07 01:26:58 | src.training.trainer | INFO     |   Checkpoint: checkpoints/physics_adam_1200.pth
2026-06-07 01:27:26 | src.training.trainer | INFO     | [Physics] Epoch 1250/1500 | Tot: 7.98e+01 | PDE: 2.10e+01 | BC: 5.84e+01 | LR: 6.79e-05 | Time: 722.5s
2026-06-07 01:27:55 | src.training.trainer | INFO     | [Physics] Epoch 1300/1500 | Tot: 7.38e+01 | PDE: 1.77e+01 | BC: 5.56e+01 | LR: 4.42e-05 | Time: 751.3s
2026-06-07 01:28:24 | src.training.trainer | INFO     | [Physics] Epoch 1350/1500 | Tot: 7.53e+01 | PDE: 1.84e+01 | BC: 5.65e+01 | LR: 2.54e-05 | Time: 780.1s
2026-06-07 01:28:53 | src.training.trainer | INFO     | [Physics] Epoch 1400/1500 | Tot: 7.20e+01 | PDE: 1.77e+01 | BC: 5.38e+01 | LR: 1.19e-05 | Time: 808.8s
2026-06-07 01:28:53 | src.training.trainer | INFO     |   Checkpoint: checkpoints/physics_adam_1400.pth
2026-06-07 01:29:21 | src.training.trainer | INFO     | [Physics] Epoch 1450/1500 | Tot: 7.64e+01 | PDE: 1.86e+01 | BC: 5.74e+01 | LR: 3.74e-06 | Time: 837.6s
2026-06-07 01:29:50 | src.training.trainer | INFO     | [Physics] Epoch 1500/1500 | Tot: 7.35e+01 | PDE: 1.60e+01 | BC: 5.71e+01 | LR: 1.00e-06 | Time: 866.4s
2026-06-07 01:29:50 | src.training.trainer | INFO     | STAGE 1 COMPLETE in 866.4s | Final Loss: 7.35e+01
2026-06-07 01:29:50 | src.training.trainer | INFO     | 
2026-06-07 01:29:50 | src.training.trainer | INFO     | --- STAGE 2: L-BFGS Fine-Tuning ---
2026-06-07 01:29:50 | src.training.trainer | INFO     | Max iters: 1000 | tol_change=1e-16 | tol_grad=1e-16 | strong_wolfe
2026-06-07 01:29:51 | src.training.trainer | INFO     | [L-BFGS] Iter    1 | Tot: 7.12e+01 | PDE: 1.76e+01 | BC: 5.31e+01 | Time: 0.5s
2026-06-07 01:30:20 | src.training.trainer | INFO     | [L-BFGS] Iter   50 | Tot: 5.66e+01 | PDE: 3.73e+00 | BC: 5.24e+01 | Time: 29.1s
2026-06-07 01:30:49 | src.training.trainer | INFO     | [L-BFGS] Iter  100 | Tot: 5.29e+01 | PDE: 2.33e+00 | BC: 5.01e+01 | Time: 58.7s
2026-06-07 01:31:19 | src.training.trainer | INFO     | [L-BFGS] Iter  150 | Tot: 3.94e+01 | PDE: 6.95e+00 | BC: 3.15e+01 | Time: 88.2s
2026-06-07 01:31:48 | src.training.trainer | INFO     | [L-BFGS] Iter  200 | Tot: 2.11e+01 | PDE: 5.47e+00 | BC: 1.45e+01 | Time: 117.8s
2026-06-07 01:32:18 | src.training.trainer | INFO     | [L-BFGS] Iter  250 | Tot: 9.82e+00 | PDE: 2.71e+00 | BC: 6.03e+00 | Time: 147.3s
2026-06-07 01:32:47 | src.training.trainer | INFO     | [L-BFGS] Iter  300 | Tot: 5.16e+00 | PDE: 1.40e+00 | BC: 2.68e+00 | Time: 176.8s
2026-06-07 01:33:17 | src.training.trainer | INFO     | [L-BFGS] Iter  350 | Tot: 3.28e+00 | PDE: 6.86e-01 | BC: 1.51e+00 | Time: 206.2s
2026-06-07 01:33:46 | src.training.trainer | INFO     | [L-BFGS] Iter  400 | Tot: 2.36e+00 | PDE: 3.98e-01 | BC: 8.50e-01 | Time: 235.8s
2026-06-07 01:34:16 | src.training.trainer | INFO     | [L-BFGS] Iter  450 | Tot: 1.94e+00 | PDE: 2.41e-01 | BC: 5.63e-01 | Time: 265.3s
2026-06-07 01:34:45 | src.training.trainer | INFO     | [L-BFGS] Iter  500 | Tot: 1.67e+00 | PDE: 1.60e-01 | BC: 3.56e-01 | Time: 294.7s
2026-06-07 01:35:15 | src.training.trainer | INFO     | [L-BFGS] Iter  550 | Tot: 1.51e+00 | PDE: 1.22e-01 | BC: 2.23e-01 | Time: 324.3s
2026-06-07 01:35:44 | src.training.trainer | INFO     | [L-BFGS] Iter  600 | Tot: 1.42e+00 | PDE: 8.32e-02 | BC: 1.54e-01 | Time: 353.7s
2026-06-07 01:36:14 | src.training.trainer | INFO     | [L-BFGS] Iter  650 | Tot: 1.35e+00 | PDE: 5.58e-02 | BC: 1.11e-01 | Time: 383.2s
2026-06-07 01:36:43 | src.training.trainer | INFO     | [L-BFGS] Iter  700 | Tot: 1.31e+00 | PDE: 3.90e-02 | BC: 8.16e-02 | Time: 412.7s
2026-06-07 01:37:13 | src.training.trainer | INFO     | [L-BFGS] Iter  750 | Tot: 1.29e+00 | PDE: 2.88e-02 | BC: 6.68e-02 | Time: 442.3s
2026-06-07 01:37:42 | src.training.trainer | INFO     | [L-BFGS] Iter  800 | Tot: 1.27e+00 | PDE: 2.29e-02 | BC: 5.50e-02 | Time: 471.8s
2026-06-07 01:38:12 | src.training.trainer | INFO     | [L-BFGS] Iter  850 | Tot: 1.26e+00 | PDE: 1.83e-02 | BC: 4.98e-02 | Time: 501.3s
2026-06-07 01:38:41 | src.training.trainer | INFO     | [L-BFGS] Iter  900 | Tot: 1.25e+00 | PDE: 1.51e-02 | BC: 4.49e-02 | Time: 530.7s
2026-06-07 01:39:11 | src.training.trainer | INFO     | [L-BFGS] Iter  950 | Tot: 1.25e+00 | PDE: 1.29e-02 | BC: 4.19e-02 | Time: 560.2s
2026-06-07 01:39:40 | src.training.trainer | INFO     | [L-BFGS] Iter 1000 | Tot: 1.24e+00 | PDE: 1.13e-02 | BC: 3.95e-02 | Time: 590.1s
2026-06-07 01:40:11 | src.training.trainer | INFO     | [L-BFGS] Iter 1050 | Tot: 1.24e+00 | PDE: 1.04e-02 | BC: 3.79e-02 | Time: 620.2s
2026-06-07 01:40:22 | src.training.trainer | INFO     | STAGE 2 COMPLETE in 631.5s | Total iters: 1069
2026-06-07 01:40:22 | src.training.trainer | INFO     | Final model saved: checkpoints/pipe_flow_final.pth
2026-06-07 01:40:22 | src.training.trainer | INFO     | Total training time: 1506.1s (25.1min)
2026-06-07 01:40:22 | src.training.trainer | INFO     | ======================================================================
2026-06-07 01:40:22 | src.post_processing.visualizer | INFO     | Loading checkpoint from: checkpoints\pipe_flow_final.pth
2026-06-07 01:40:22 | src.post_processing.visualizer | INFO     | Generating 2D slice visualization for the pipe flow...
2026-06-07 01:40:22 | src.post_processing.visualizer | INFO     | Visualization saved to output/pipe_flow_visualization.png
2026-06-07 01:41:09 | SciML_CFD_Engine | INFO     | 
================================================================================
2026-06-07 01:41:09 | SciML_CFD_Engine | INFO     | TRAINING COMPLETED SUCCESSFULLY
2026-06-07 01:41:09 | SciML_CFD_Engine | INFO     | ================================================================================
2026-06-07 01:51:17 | SciML_CFD_Engine | INFO     | 
================================================================================
2026-06-07 01:51:17 | SciML_CFD_Engine | INFO     | SciML CFD ENGINE - PRODUCTION PIPE FLOW SOLVER
2026-06-07 01:51:17 | SciML_CFD_Engine | INFO     | ================================================================================
2026-06-07 01:51:17 | SciML_CFD_Engine | INFO     | Device: CUDA
2026-06-07 01:51:17 | SciML_CFD_Engine | INFO     | Geometry: Re=100.0, R=0.5, L=3.0
2026-06-07 01:51:17 | SciML_CFD_Engine | INFO     | Training: Warm-Up=500e | Physics Adam=1500e | L-BFGS=1000i
2026-06-07 01:51:17 | SciML_CFD_Engine | INFO     | Batching: Interior=4000, BC=800
2026-06-07 01:51:17 | SciML_CFD_Engine | INFO     | Loss weights: lambda_bc=100.0 | PDE=1x(cont+mom) | radial=1x | pos=10x | smooth=1x
2026-06-07 01:51:17 | SciML_CFD_Engine | INFO     | Initializing SciML CFD Engine on CUDA
2026-06-07 01:51:17 | SciML_CFD_Engine | INFO     | Random seed set to 42
2026-06-07 01:51:17 | SciML_CFD_Engine | INFO     | Geometry: Pipe radius=0.5, length=3.0
2026-06-07 01:51:17 | SciML_CFD_Engine | INFO     | Physics: Re=100.0, spatial_weight_start=1.0
2026-06-07 01:51:18 | SciML_CFD_Engine | INFO     | Model: PINN3DEngine with 256D embeddings, 6 layers, 429,316 parameters
2026-06-07 01:51:19 | SciML_CFD_Engine | INFO     | Trainer initialized: lr=1.00e-03, lambda_bc=100.0 | Physics weights: PDE=1x, radial=1x, pos=10x, smooth=1x
2026-06-07 01:51:19 | src.post_processing.visualizer | INFO     | Visualizer model check: hidden_dim=256, num_layers=6
2026-06-07 01:51:19 | SciML_CFD_Engine | INFO     | Visualizer initialized
2026-06-07 01:51:19 | SciML_CFD_Engine | INFO     | STARTING TWO-STAGE OPTIMIZATION
2026-06-07 01:51:19 | src.training.trainer | INFO     | ======================================================================
2026-06-07 01:51:19 | src.training.trainer | INFO     | PRE-TRAINING PIPELINE STARTED
2026-06-07 01:51:19 | src.training.trainer | INFO     | Warm-Up: 500 epochs | Physics Adam: 1500 epochs | L-BFGS: 1000 iters
2026-06-07 01:51:19 | src.training.trainer | INFO     | lambda_bc=100.0 | PDE=1x (driving_force=0.64) | radial=1x | pos=10x | smooth=1x | grad-norm dynamic weighting active
2026-06-07 01:51:19 | src.training.trainer | INFO     | ======================================================================
2026-06-07 01:51:19 | src.training.trainer | INFO     | --- STAGE 0: Warm-Up (Analytical Pre-training, no PDE) ---
2026-06-07 01:51:19 | src.training.trainer | INFO     | [Warm-Up] Epoch    1/500 | Loss: 1.534e+00 | u MAE: 1.0352 | LR: 1.00e-03 | Time: 0.2s
2026-06-07 01:51:20 | src.training.trainer | INFO     | [Warm-Up] Epoch   50/500 | Loss: 1.541e-01 | u MAE: 0.2969 | LR: 9.76e-04 | Time: 0.9s
2026-06-07 01:51:21 | src.training.trainer | INFO     | [Warm-Up] Epoch  100/500 | Loss: 3.052e-02 | u MAE: 0.1279 | LR: 9.05e-04 | Time: 1.7s
2026-06-07 01:51:21 | src.training.trainer | INFO     | [Warm-Up] Epoch  150/500 | Loss: 1.540e-02 | u MAE: 0.0917 | LR: 7.96e-04 | Time: 2.4s
2026-06-07 01:51:22 | src.training.trainer | INFO     | [Warm-Up] Epoch  200/500 | Loss: 1.202e-02 | u MAE: 0.0809 | LR: 6.58e-04 | Time: 3.1s
2026-06-07 01:51:23 | src.training.trainer | INFO     | [Warm-Up] Epoch  250/500 | Loss: 8.653e-03 | u MAE: 0.0684 | LR: 5.05e-04 | Time: 3.8s
2026-06-07 01:51:23 | src.training.trainer | INFO     | [Warm-Up] Epoch  300/500 | Loss: 6.932e-03 | u MAE: 0.0611 | LR: 3.52e-04 | Time: 4.5s
2026-06-07 01:51:24 | src.training.trainer | INFO     | [Warm-Up] Epoch  350/500 | Loss: 6.519e-03 | u MAE: 0.0596 | LR: 2.14e-04 | Time: 5.3s
2026-06-07 01:51:25 | src.training.trainer | INFO     | [Warm-Up] Epoch  400/500 | Loss: 6.133e-03 | u MAE: 0.0581 | LR: 1.05e-04 | Time: 6.2s
2026-06-07 01:51:26 | src.training.trainer | INFO     | [Warm-Up] Epoch  450/500 | Loss: 5.922e-03 | u MAE: 0.0570 | LR: 3.42e-05 | Time: 7.2s
2026-06-07 01:51:27 | src.training.trainer | INFO     | [Warm-Up] Epoch  500/500 | Loss: 5.986e-03 | u MAE: 0.0574 | LR: 1.00e-05 | Time: 8.1s
2026-06-07 01:51:27 | src.training.trainer | INFO     | WARM-UP COMPLETE in 8.1s | Validation u MAE: 0.05733 (0 = perfect)
2026-06-07 01:51:27 | src.training.trainer | INFO     | Pre-trained checkpoint saved: checkpoints/warmup_pretrained.pth
2026-06-07 01:51:27 | src.training.trainer | INFO     | 
2026-06-07 01:51:27 | src.training.trainer | INFO     | --- STAGE 1: Physics Training (N-S + BC + Grad-Norm Balancing) ---
2026-06-07 01:51:28 | src.training.trainer | INFO     | [Physics] Epoch    1/1500 | Tot: 1.30e+04 | PDE: 2.53e+04 | BC: 3.56e+01 | w_pde=0.50 w_bc=10.00 | LR: 1.00e-03 | Time: 0.7s
2026-06-07 01:51:56 | src.training.trainer | INFO     | [Physics] Epoch   50/1500 | Tot: 6.04e+02 | PDE: 4.76e+02 | BC: 3.65e+01 | w_pde=0.50 w_bc=10.00 | LR: 9.97e-04 | Time: 29.2s
2026-06-07 01:52:25 | src.training.trainer | INFO     | [Physics] Epoch  100/1500 | Tot: 3.94e+02 | PDE: 3.05e+02 | BC: 2.40e+01 | w_pde=0.50 w_bc=10.00 | LR: 9.89e-04 | Time: 58.4s
2026-06-07 01:52:54 | src.training.trainer | INFO     | [Physics] Epoch  150/1500 | Tot: 2.97e+02 | PDE: 2.50e+02 | BC: 1.70e+01 | w_pde=0.50 w_bc=10.00 | LR: 9.76e-04 | Time: 87.4s
2026-06-07 01:53:24 | src.training.trainer | INFO     | [Physics] Epoch  200/1500 | Tot: 2.34e+02 | PDE: 2.17e+02 | BC: 1.24e+01 | w_pde=0.50 w_bc=10.00 | LR: 9.57e-04 | Time: 116.5s
2026-06-07 01:53:24 | src.training.trainer | INFO     |   Checkpoint: checkpoints/physics_adam_200.pth
2026-06-07 01:53:53 | src.training.trainer | INFO     | [Physics] Epoch  250/1500 | Tot: 1.88e+02 | PDE: 1.83e+02 | BC: 9.51e+00 | w_pde=0.50 w_bc=10.00 | LR: 9.33e-04 | Time: 145.6s
2026-06-07 01:54:22 | src.training.trainer | INFO     | [Physics] Epoch  300/1500 | Tot: 1.64e+02 | PDE: 1.73e+02 | BC: 7.43e+00 | w_pde=0.50 w_bc=10.00 | LR: 9.05e-04 | Time: 174.8s
2026-06-07 01:54:51 | src.training.trainer | INFO     | [Physics] Epoch  350/1500 | Tot: 1.38e+02 | PDE: 1.56e+02 | BC: 5.71e+00 | w_pde=0.50 w_bc=10.00 | LR: 8.72e-04 | Time: 203.8s
2026-06-07 01:55:20 | src.training.trainer | INFO     | [Physics] Epoch  400/1500 | Tot: 1.20e+02 | PDE: 1.43e+02 | BC: 4.63e+00 | w_pde=0.50 w_bc=10.00 | LR: 8.35e-04 | Time: 232.9s
2026-06-07 01:55:20 | src.training.trainer | INFO     |   Checkpoint: checkpoints/physics_adam_400.pth
2026-06-07 01:55:49 | src.training.trainer | INFO     | [Physics] Epoch  450/1500 | Tot: 1.04e+02 | PDE: 1.31e+02 | BC: 3.59e+00 | w_pde=0.50 w_bc=10.00 | LR: 7.94e-04 | Time: 262.0s
2026-06-07 01:56:18 | src.training.trainer | INFO     | [Physics] Epoch  500/1500 | Tot: 9.79e+01 | PDE: 1.24e+02 | BC: 3.26e+00 | w_pde=0.50 w_bc=10.00 | LR: 7.50e-04 | Time: 291.2s
2026-06-07 01:56:47 | src.training.trainer | INFO     | [Physics] Epoch  550/1500 | Tot: 8.48e+01 | PDE: 1.09e+02 | BC: 2.79e+00 | w_pde=0.50 w_bc=10.00 | LR: 7.04e-04 | Time: 320.2s
2026-06-07 01:57:16 | src.training.trainer | INFO     | [Physics] Epoch  600/1500 | Tot: 8.05e+01 | PDE: 1.05e+02 | BC: 2.52e+00 | w_pde=0.50 w_bc=10.00 | LR: 6.55e-04 | Time: 349.4s
2026-06-07 01:57:16 | src.training.trainer | INFO     |   Checkpoint: checkpoints/physics_adam_600.pth
2026-06-07 01:57:45 | src.training.trainer | INFO     | [Physics] Epoch  650/1500 | Tot: 8.21e+01 | PDE: 1.14e+02 | BC: 2.13e+00 | w_pde=0.50 w_bc=10.00 | LR: 6.04e-04 | Time: 378.4s
2026-06-07 01:58:15 | src.training.trainer | INFO     | [Physics] Epoch  700/1500 | Tot: 6.56e+01 | PDE: 8.80e+01 | BC: 1.87e+00 | w_pde=0.50 w_bc=10.00 | LR: 5.53e-04 | Time: 407.6s
2026-06-07 01:58:44 | src.training.trainer | INFO     | [Physics] Epoch  750/1500 | Tot: 6.91e+01 | PDE: 9.63e+01 | BC: 1.77e+00 | w_pde=0.50 w_bc=10.00 | LR: 5.00e-04 | Time: 436.6s
2026-06-07 01:59:13 | src.training.trainer | INFO     | [Physics] Epoch  800/1500 | Tot: 5.76e+01 | PDE: 7.90e+01 | BC: 1.54e+00 | w_pde=0.50 w_bc=10.00 | LR: 4.48e-04 | Time: 465.8s
2026-06-07 01:59:13 | src.training.trainer | INFO     |   Checkpoint: checkpoints/physics_adam_800.pth
2026-06-07 01:59:42 | src.training.trainer | INFO     | [Physics] Epoch  850/1500 | Tot: 5.73e+01 | PDE: 7.98e+01 | BC: 1.45e+00 | w_pde=0.50 w_bc=10.00 | LR: 3.97e-04 | Time: 494.8s
2026-06-07 02:00:11 | src.training.trainer | INFO     | [Physics] Epoch  900/1500 | Tot: 6.42e+01 | PDE: 9.53e+01 | BC: 1.35e+00 | w_pde=0.50 w_bc=10.00 | LR: 3.46e-04 | Time: 524.0s
2026-06-07 02:00:40 | src.training.trainer | INFO     | [Physics] Epoch  950/1500 | Tot: 5.35e+01 | PDE: 7.55e+01 | BC: 1.25e+00 | w_pde=0.50 w_bc=10.00 | LR: 2.97e-04 | Time: 553.0s
2026-06-07 02:01:09 | src.training.trainer | INFO     | [Physics] Epoch 1000/1500 | Tot: 6.25e+01 | PDE: 9.39e+01 | BC: 1.20e+00 | w_pde=0.50 w_bc=10.00 | LR: 2.51e-04 | Time: 582.1s
2026-06-07 02:01:09 | src.training.trainer | INFO     |   Checkpoint: checkpoints/physics_adam_1000.pth
2026-06-07 02:01:38 | src.training.trainer | INFO     | [Physics] Epoch 1050/1500 | Tot: 5.23e+01 | PDE: 7.48e+01 | BC: 1.19e+00 | w_pde=0.50 w_bc=10.00 | LR: 2.07e-04 | Time: 611.1s
2026-06-07 02:02:07 | src.training.trainer | INFO     | [Physics] Epoch 1100/1500 | Tot: 5.06e+01 | PDE: 7.27e+01 | BC: 1.14e+00 | w_pde=0.50 w_bc=10.00 | LR: 1.66e-04 | Time: 640.3s
2026-06-07 02:02:36 | src.training.trainer | INFO     | [Physics] Epoch 1150/1500 | Tot: 5.20e+01 | PDE: 7.61e+01 | BC: 1.06e+00 | w_pde=0.50 w_bc=10.00 | LR: 1.29e-04 | Time: 669.3s
2026-06-07 02:03:06 | src.training.trainer | INFO     | [Physics] Epoch 1200/1500 | Tot: 5.30e+01 | PDE: 7.84e+01 | BC: 1.05e+00 | w_pde=0.50 w_bc=10.00 | LR: 9.64e-05 | Time: 698.5s
2026-06-07 02:03:06 | src.training.trainer | INFO     |   Checkpoint: checkpoints/physics_adam_1200.pth
2026-06-07 02:03:35 | src.training.trainer | INFO     | [Physics] Epoch 1250/1500 | Tot: 5.51e+01 | PDE: 8.23e+01 | BC: 1.04e+00 | w_pde=0.50 w_bc=10.00 | LR: 6.79e-05 | Time: 727.5s
2026-06-07 02:04:04 | src.training.trainer | INFO     | [Physics] Epoch 1300/1500 | Tot: 5.06e+01 | PDE: 7.45e+01 | BC: 1.04e+00 | w_pde=0.50 w_bc=10.00 | LR: 4.42e-05 | Time: 756.7s
2026-06-07 02:04:33 | src.training.trainer | INFO     | [Physics] Epoch 1350/1500 | Tot: 4.90e+01 | PDE: 7.03e+01 | BC: 1.09e+00 | w_pde=0.50 w_bc=10.00 | LR: 2.54e-05 | Time: 785.7s
2026-06-07 02:05:02 | src.training.trainer | INFO     | [Physics] Epoch 1400/1500 | Tot: 5.18e+01 | PDE: 7.64e+01 | BC: 1.05e+00 | w_pde=0.50 w_bc=10.00 | LR: 1.19e-05 | Time: 814.9s
2026-06-07 02:05:02 | src.training.trainer | INFO     |   Checkpoint: checkpoints/physics_adam_1400.pth
2026-06-07 02:05:31 | src.training.trainer | INFO     | [Physics] Epoch 1450/1500 | Tot: 5.27e+01 | PDE: 7.81e+01 | BC: 1.06e+00 | w_pde=0.50 w_bc=10.00 | LR: 3.74e-06 | Time: 843.9s
2026-06-07 02:06:00 | src.training.trainer | INFO     | [Physics] Epoch 1500/1500 | Tot: 5.15e+01 | PDE: 7.52e+01 | BC: 1.06e+00 | w_pde=0.50 w_bc=10.00 | LR: 1.00e-06 | Time: 873.1s
2026-06-07 02:06:00 | src.training.trainer | INFO     | STAGE 1 COMPLETE in 873.1s | Final Loss: 5.15e+01 | Final w_pde=0.500 w_bc=10.000
2026-06-07 02:06:00 | src.training.trainer | INFO     | 
2026-06-07 02:06:00 | src.training.trainer | INFO     | --- STAGE 2: L-BFGS Fine-Tuning ---
2026-06-07 02:06:00 | src.training.trainer | INFO     | Max iters: 1000 | tol_change=1e-16 | tol_grad=1e-16 | strong_wolfe | w_pde=0.500 w_bc=10.000
2026-06-07 02:06:01 | src.training.trainer | INFO     | [L-BFGS] Iter    1 | Tot: 5.12e+01 | PDE: 7.62e+01 | BC: 1.01e+00 | Time: 0.5s
2026-06-07 02:06:29 | src.training.trainer | INFO     | [L-BFGS] Iter   50 | Tot: 1.23e+01 | PDE: 1.42e+01 | BC: 2.77e-01 | Time: 29.0s
2026-06-07 02:06:59 | src.training.trainer | INFO     | [L-BFGS] Iter  100 | Tot: 4.88e+00 | PDE: 4.59e+00 | BC: 9.33e-02 | Time: 58.5s
2026-06-07 02:07:28 | src.training.trainer | INFO     | [L-BFGS] Iter  150 | Tot: 2.67e+00 | PDE: 1.86e+00 | BC: 3.43e-02 | Time: 88.0s
2026-06-07 02:07:58 | src.training.trainer | INFO     | [L-BFGS] Iter  200 | Tot: 2.00e+00 | PDE: 1.01e+00 | BC: 1.58e-02 | Time: 117.4s
2026-06-07 02:08:27 | src.training.trainer | INFO     | [L-BFGS] Iter  250 | Tot: 1.73e+00 | PDE: 6.45e-01 | BC: 1.01e-02 | Time: 146.9s
2026-06-07 02:08:57 | src.training.trainer | INFO     | [L-BFGS] Iter  300 | Tot: 1.59e+00 | PDE: 4.34e-01 | BC: 7.05e-03 | Time: 176.4s
2026-06-07 02:09:26 | src.training.trainer | INFO     | [L-BFGS] Iter  350 | Tot: 1.49e+00 | PDE: 2.97e-01 | BC: 5.09e-03 | Time: 206.0s
2026-06-07 02:09:57 | src.training.trainer | INFO     | [L-BFGS] Iter  400 | Tot: 1.43e+00 | PDE: 2.04e-01 | BC: 3.68e-03 | Time: 236.6s
2026-06-07 02:10:28 | src.training.trainer | INFO     | [L-BFGS] Iter  450 | Tot: 1.39e+00 | PDE: 1.47e-01 | BC: 2.87e-03 | Time: 268.0s
2026-06-07 02:11:01 | src.training.trainer | INFO     | [L-BFGS] Iter  500 | Tot: 1.36e+00 | PDE: 1.11e-01 | BC: 2.30e-03 | Time: 300.4s
2026-06-07 02:11:31 | src.training.trainer | INFO     | [L-BFGS] Iter  550 | Tot: 1.34e+00 | PDE: 8.70e-02 | BC: 1.89e-03 | Time: 330.8s
2026-06-07 02:12:00 | src.training.trainer | INFO     | [L-BFGS] Iter  600 | Tot: 1.33e+00 | PDE: 7.07e-02 | BC: 1.59e-03 | Time: 360.2s
2026-06-07 02:12:30 | src.training.trainer | INFO     | [L-BFGS] Iter  650 | Tot: 1.32e+00 | PDE: 5.86e-02 | BC: 1.37e-03 | Time: 389.7s
2026-06-07 02:13:00 | src.training.trainer | INFO     | [L-BFGS] Iter  700 | Tot: 1.31e+00 | PDE: 4.84e-02 | BC: 1.21e-03 | Time: 419.6s
2026-06-07 02:13:29 | src.training.trainer | INFO     | [L-BFGS] Iter  750 | Tot: 1.31e+00 | PDE: 4.04e-02 | BC: 1.07e-03 | Time: 449.1s
2026-06-07 02:13:59 | src.training.trainer | INFO     | [L-BFGS] Iter  800 | Tot: 1.30e+00 | PDE: 3.44e-02 | BC: 9.92e-04 | Time: 478.8s
2026-06-07 02:14:29 | src.training.trainer | INFO     | [L-BFGS] Iter  850 | Tot: 1.30e+00 | PDE: 3.03e-02 | BC: 9.38e-04 | Time: 508.3s
2026-06-07 02:14:58 | src.training.trainer | INFO     | [L-BFGS] Iter  900 | Tot: 1.29e+00 | PDE: 2.69e-02 | BC: 8.90e-04 | Time: 537.8s
2026-06-07 02:15:27 | src.training.trainer | INFO     | [L-BFGS] Iter  950 | Tot: 1.29e+00 | PDE: 2.45e-02 | BC: 8.36e-04 | Time: 567.2s
2026-06-07 02:15:57 | src.training.trainer | INFO     | [L-BFGS] Iter 1000 | Tot: 1.29e+00 | PDE: 2.21e-02 | BC: 7.93e-04 | Time: 596.7s
2026-06-07 02:16:26 | src.training.trainer | INFO     | [L-BFGS] Iter 1050 | Tot: 1.28e+00 | PDE: 2.05e-02 | BC: 7.48e-04 | Time: 626.1s
2026-06-07 02:16:47 | src.training.trainer | INFO     | STAGE 2 COMPLETE in 646.9s | Total iters: 1085
2026-06-07 02:16:47 | src.training.trainer | INFO     | Final model saved: checkpoints/pipe_flow_final.pth
2026-06-07 02:16:47 | src.training.trainer | INFO     | Total training time: 1528.1s (25.5min)
2026-06-07 02:16:47 | src.training.trainer | INFO     | ======================================================================
2026-06-07 02:16:47 | src.post_processing.visualizer | INFO     | Loading checkpoint from: checkpoints\pipe_flow_final.pth
2026-06-07 02:16:47 | src.post_processing.visualizer | INFO     | Generating 2D slice visualization for the pipe flow...
2026-06-07 02:16:48 | src.post_processing.visualizer | INFO     | Visualization saved to output/pipe_flow_visualization.png
